>>> add_integer = __import__("0-add_integer").add_integer

>>> add_integer(11, 7)
18

>>> add_integer(-2, 5)
3

>>> add_integer(3.0, 4.0)
7

>>> add_integer(2.8, 3.3)
5

>>> add_integer(-2.2, -0.9)
-2

>>> add_integer(2.7, -1)
1

>>> add_integer(52)
150

>>> add_integer("chaussure", 3)
Traceback (most recent call last):
TypeError: a must be an integer

>>> add_integer(float('inf'))
Traceback (most recent call last):
OverflowError: cannot convert float infinity to integer

>>> add_integer(float('nan'))
Traceback (most recent call last):
ValueError: cannot convert float NaN to integer
