>>> say_my_name = __import__('3-say_my_name').say_my_name

>>> say_my_name("Colas", "Chaussure")
My name is Colas Chaussure

>>> say_my_name()
Traceback (most recent call last):
TypeError: say_my_name() missing 1 required positional argument: "first_name" 

>>> say_my_name(12, "Colas")
Traceback (most recent call last):
TypeError: first_name must be a string

>>> say_my_name("Colas", 23)
Traceback (most recent call last):
TypeError: last_name must be a string
